BIOS EBDA/lowmem at: 00000000/00000000
Linux version 2.6.28.4-dirty (fangfeil@della3) (gcc version 4.1.2 20080704 (Red Hat 4.1.2-54)) #5 Sat Jul 6 17:06:42 EDT 2013
Command line: earlyprintk=ttyS0 console=ttyS0 lpj=7999923 root=/dev/hda1
KERNEL supported cpus:
  Intel GenuineIntel
  AMD AuthenticAMD
  Centaur CentaurHauls
CPU: vendor_id 'M5 Simulator' unknown, using generic init.
CPU: Your system may be unstable.
BIOS-provided physical RAM map:
 BIOS-e820: 0000000000000000 - 0000000000100000 (reserved)
 BIOS-e820: 0000000000100000 - 0000000080000000 (usable)
console [earlyser0] enabled
DMI 2.5 present.
last_pfn = 0x80000 max_arch_pfn = 0x3ffffffff
------------[ cut here ]------------
WARNING: at arch/x86/kernel/cpu/mtrr/main.c:1604 mtrr_trim_uncached_memory+0x303/0x3a0()
WARNING: strange, CPU MTRRs all blank?
Modules linked in:
Pid: 0, comm: swapper Not tainted 2.6.28.4-dirty #5
Call Trace:
 [<ffffffff8022e32d>] warn_slowpath+0xcd/0x110
 [<ffffffff8021c92c>] early_serial_write+0x2c/0x60
 [<ffffffff8021c92c>] early_serial_write+0x2c/0x60
 [<ffffffff8022e670>] __call_console_drivers+0x40/0x50
 [<ffffffff8080b753>] dmi_string+0x73/0x80
 [<ffffffff80218010>] post_set+0x20/0x40
 [<ffffffff8022f11e>] printk+0x4e/0x60
 [<ffffffff807f3613>] mtrr_trim_uncached_memory+0x303/0x3a0
 [<ffffffff8050aee5>] dmi_table+0x95/0xa0
 [<ffffffff8080b790>] dmi_decode+0x0/0x4e0
 [<ffffffff807faae8>] early_gart_iommu_check+0xb8/0x2d0
 [<ffffffff807ef560>] setup_arch+0x3d0/0x740
 [<ffffffff807e895d>] start_kernel+0x4d/0x330
 [<ffffffff807e839a>] x86_64_start_kernel+0xca/0xe0
 [<ffffffff807e82d0>] x86_64_start_kernel+0x0/0xe0
---[ end trace 4eaa2a86a8e2da22 ]---
init_memory_mapping: 0000000000000000-0000000080000000
last_map_addr: 80000000 end: 80000000
(4 early reservations) ==> bootmem [0000000000 - 0080000000]
  #0 [0000000000 - 0000001000]   BIOS data page ==> [0000000000 - 0000001000]
  #1 [0000200000 - 00008b8dc8]    TEXT DATA BSS ==> [0000200000 - 00008b8dc8]
  #2 [000009f000 - 0000100000]    BIOS reserved ==> [000009f000 - 0000100000]
  #3 [0000100000 - 0000101000]          PGTABLE ==> [0000100000 - 0000101000]
found SMP MP-table at [ffff8800000f0050] 000f0050
Zone PFN ranges:
  DMA      0x00000100 -> 0x00001000
  DMA32    0x00001000 -> 0x00100000
  Normal   0x00100000 -> 0x00100000
Movable zone start PFN for each node
early_node_map[1] active PFN ranges
    0: 0x00000100 -> 0x00080000
Intel MultiProcessor Specification v1.4
MPTABLE: OEM ID: 
MPTABLE: Product ID: 
MPTABLE: APIC at: 0xFEE00000
Processor #0 (Bootup-CPU)
I/O APIC #1 Version 17 at 0xFEC00000.
bus id is 0, bus type is PCI
bus id is 1, bus type is ISA
Processors: 1
Allocating PCI resources starting at 88000000 (gap: 80000000:80000000)
Built 1 zonelists in Zone order, mobility grouping on.  Total pages: 515046
Kernel command line: earlyprintk=ttyS0 console=ttyS0 lpj=7999923 root=/dev/hda1
Initializing CPU#0
PID hash table entries: 4096 (order: 12, 32768 bytes)
Fast TSC calibration using PIT
Detected 3003.007 MHz processor.
Console: colour dummy device 80x25
console handover: boot [earlyser0] -> real [ttyS0]
Dentry cache hash table entries: 262144 (order: 9, 2097152 bytes)
Inode-cache hash table entries: 131072 (order: 8, 1048576 bytes)
Checking aperture...
No AGP bridge found
Memory: 2056728k/2097152k available (3971k kernel code, 1024k absent, 38728k reserved, 2047k data, 316k init)
Calibrating delay loop (skipped) preset value.. 3999.96 BogoMIPS (lpj=7999923)
Mount-cache hash table entries: 256
CPU: L1 I Cache: 64K (64 bytes/line), D cache 64K (64 bytes/line)
CPU: L2 Cache: 1024K (64 bytes/line)
CPU: M5 Simulator Fake M5 x86_64 CPU stepping 01
Setting APIC routing to flat
..TIMER: vector=0x30 apic1=0 pin1=2 apic2=0 pin2=0
